
> build
> vite build

[36mvite v6.3.6 [32mbuilding for production...[36m[39m
node.exe : [baseline-b
rowser-mapping] The 
data in this module 
is over two months 
old.  To ensure 
accurate Baseline 
data, please update: 
`npm i baseline-browse
r-mapping@latest -D`
At line:1 char:1
+ & "C:\nvm4w\nodejs/n
ode.exe" "C:\nvm4w\nod
ejs/node_modules/npm/b
in/np ...
+ ~~~~~~~~~~~~~~~~~~~~
~~~~~~~~~~~~~~~~~~~~~~
~~~~~~~~~~~~~~~~~~~~~~
~~~~~
    + CategoryInfo    
          : NotSpeci  
  fied: ([baseline-   
 brows...ping@late    
st -D`:String) []    
, RemoteException
    + FullyQualifiedE 
   rrorId : NativeCo  
  mmandError
 
transforming...
[32mΓ£ô[39m 3299 modules transformed.
[31mΓ£ù[39m Build 
failed in 9.90s
[31merror during 
build:
[31mCould not 
resolve 
"../lib/utils" from "r
esources/js/Components
/ui/Button.jsx"[31m
file: [36mC:/xampp/ht
docs/wishery-crm/resou
rces/js/Components/ui/
Button.jsx[31m
    at getRollupError 
(file:///C:/xampp/htdo
cs/wishery-crm/node_mo
dules/rollup/dist/es/s
hared/parseAst.js:401:
41)
    at error (file:///
C:/xampp/htdocs/wisher
y-crm/node_modules/rol
lup/dist/es/shared/par
seAst.js:397:42)
    at ModuleLoader.ha
ndleInvalidResolvedId 
(file:///C:/xampp/htdo
cs/wishery-crm/node_mo
dules/rollup/dist/es/s
hared/node-entry.js:21
567:24)
    at file:///C:/xamp
p/htdocs/wishery-crm/n
ode_modules/rollup/dis
t/es/shared/node-entry
.js:21527:26[39m
